// Jest Snapshot v1, https://goo.gl/fbAQLP

exports[`connect flow create account 1`] = `"{\\"0xa98F414D87543ff275167c46A53AB987dBBF0c10@eip155:1\\":\\"a7291389a402825fd7f07f9902faf24c21134c26d35a0d4618702c0fcd7c556e\\"}"`;

exports[`connect flow get DID provider 1`] = `"{\\"0xa98F414D87543ff275167c46A53AB987dBBF0c10@eip155:1\\":\\"a7291389a402825fd7f07f9902faf24c21134c26d35a0d4618702c0fcd7c556e\\"}"`;
